CODIGOS DE CLASES 
Alumno@LES3-3989 MINGW64 ~
$ git --version
git version 2.24.1.windows.2

Alumno@LES3-3989 MINGW64 ~
$ dir
AppData
Application\ Data
Configuración\ local
Contacts
Cookies
Datos\ de\ programa
Desktop
Documents
Downloads
Entorno\ de\ red
Favorites
Impresoras
Links
Menú\ Inicio
Mis\ documentos
Music
NTUSER.DAT
ntuser.dat.LOG1
ntuser.dat.LOG2
NTUSER.DAT{bbed3e3b-0b41-11e3-8249-d6927d06400b}.TM.blf
NTUSER.DAT{bbed3e3b-0b41-11e3-8249-d6927d06400b}.TMContainer00000000000000000001.regtrans-ms
NTUSER.DAT{bbed3e3b-0b41-11e3-8249-d6927d06400b}.TMContainer00000000000000000002.regtrans-ms
ntuser.ini
Pictures
Plantillas
Reciente
Saved\ Games
Searches
SendTo
Videos
VirtualBox\ VMs

Alumno@LES3-3989 MINGW64 ~
$ cd Desktop

Alumno@LES3-3989 MINGW64 ~/Desktop
$ dir
desktop.ini               IBM\ SPSS\ Statistics\ 25.lnk                       Publisher\ 2016.lnk
ERwin\ Data\ Modeler.lnk  Microsoft\ SQL\ Server\ Management\ Studio\ 17.lnk  repositorio1
Excel\ 2016.lnk           PowerPoint\ 2016.lnk                                RStudio.lnk
Git\ GUI.lnk              Project\ 2016.lnk                                   Word\ 2016.lnk

Alumno@LES3-3989 MINGW64 ~/Desktop
$ cd repositorio1

Alumno@LES3-3989 MINGW64 ~/Desktop/repositorio1
$ dir
Archivo1.txt  Hoja1.xlsx

Alumno@LES3-3989 MINGW64 ~/Desktop/repositorio1
$ git init
Initialized empty Git repository in C:/Users/Alumno/Desktop/repositorio1/.git/

Alumno@LES3-3989 MINGW64 ~/Desktop/repositorio1 (master)
$ ls -a
./  ../  .git/  Archivo1.txt  Hoja1.xlsx

Alumno@LES3-3989 MINGW64 ~/Desktop/repositorio1 (master)
$ git status
On branch master

No commits yet

Untracked files:
  (use "git add <file>..." to include in what will be committed)
        Archivo1.txt
        Hoja1.xlsx

nothing added to commit but untracked files present (use "git add" to track)

Alumno@LES3-3989 MINGW64 ~/Desktop/repositorio1 (master)
$ git add Archivo1.txt

Alumno@LES3-3989 MINGW64 ~/Desktop/repositorio1 (master)
$ git add .

Alumno@LES3-3989 MINGW64 ~/Desktop/repositorio1 (master)
$ git commit -m "Este es el primer commit del proyecto"

*** Please tell me who you are.

Run

  git config --global user.email "you@example.com"
  git config --global user.name "Your Name"

to set your account's default identity.
Omit --global to set the identity only in this repository.

fatal: unable to auto-detect email address (got 'Alumno@LES3-3989.(none)')

Alumno@LES3-3989 MINGW64 ~/Desktop/repositorio1 (master)
$ ^C

Alumno@LES3-3989 MINGW64 ~/Desktop/repositorio1 (master)
$ git config --global user.email "jventuraleon@gmail.com"

Alumno@LES3-3989 MINGW64 ~/Desktop/repositorio1 (master)
$  git config --global user.name "jventural"

Alumno@LES3-3989 MINGW64 ~/Desktop/repositorio1 (master)
$ git commit -m
error: switch `m' requires a value

Alumno@LES3-3989 MINGW64 ~/Desktop/repositorio1 (master)
$  git commit -m "Este es el primer commit del proyecto"
[master (root-commit) 06caaa7] Este es el primer commit del proyecto
 2 files changed, 1 insertion(+)
 create mode 100644 Archivo1.txt
 create mode 100644 Hoja1.xlsx

Alumno@LES3-3989 MINGW64 ~/Desktop/repositorio1 (master)
$ git status
On branch master
nothing to commit, working tree clean

Alumno@LES3-3989 MINGW64 ~/Desktop/repositorio1 (master)

Alumno@LES3-3989 MINGW64 ~/Desktop/repositorio1 (master)
$ git status
On branch master
nothing to commit, working tree clean

Alumno@LES3-3989 MINGW64 ~/Desktop/repositorio1 (master)
$ git log
commit 06caaa7df3ba502c2a1098c81c0a9309940b6381 (HEAD -> master)
Author: jventural <jventuraleon@gmail.com>
Date:   Sun Feb 2 09:48:14 2020 -0500

    Este es el primer commit del proyecto

esta es toda la información
